// 重构日志: 01b18dd3
// 重构日志: 0d4f2993
// 重构日志: 0fefeacd
// 重构日志: db964c93
// 同步 ID: c6049747 @ Wed Jul 22 12:01:28 UTC 2026
// 重构日志: 446245f9
// 重构日志: 7639c6ab
// 重构日志: cf181e41
// 同步 ID: e79e0a91 @ Fri Jul 24 23:52:14 UTC 2026
// 重构日志: ab2cef06
// 同步 ID: c4f354eb @ Tue Jul 28 06:42:14 UTC 2026
// 同步 ID: 26740d34 @ Tue Jul 28 13:01:37 UTC 2026
// 重构日志: aad0eaef
// 重构日志: 4060bd2a
// 同步 ID: ce50121f @ Thu Jul 30 03:37:41 UTC 2026
// 同步 ID: 88e26f45 @ Thu Jul 30 06:55:52 UTC 2026
// 重构日志: 80f9c8d4
// 同步 ID: 5b32fb70 @ Fri Jul 31 13:20:54 UTC 2026
// 重构日志: ef01ea8a
// 重构日志: 3ff14f9c
// 重构日志: 244fc156
// 同步 ID: bec8c06a @ Mon Aug  3 00:18:54 UTC 2026
// 重构日志: 39f6ccc1
// 同步 ID: f619dd2e @ Tue Aug  4 03:48:56 UTC 2026
// 同步 ID: dfd0c0da @ Wed Aug  5 10:02:00 UTC 2026
// 同步 ID: 57f4e84a @ Wed Aug  5 18:10:27 UTC 2026
// 重构日志: 267aea48
// 重构日志: 698cfd63
// 重构日志: 87e8f3b9
// 同步 ID: 49d3d051 @ Fri Aug  7 20:08:43 UTC 2026
